---
source: tui/src/app.rs
expression: model_migration_copy_to_plain_text(&copy)
---
**У Lavilas Codex обновление: теперь доступна gpt-5.3-codex.**

Lavilas Codex теперь работает на gpt-5.3-codex - это наша самая сильная агентная модель для разработки. Она лучше подходит для долгих задач по проекту, поддерживает управление на ходу и чаще сообщает о прогрессе, поэтому с ней проще работать в паре.

Подробнее: https://openai.com/index/introducing-gpt-5-3-codex/

Если хотите, можно остаться на gpt-5.1-codex.
