---
source: tui/src/update_prompt.rs
expression: terminal.backend()
---
  ✨ Доступно обновление! 0.0.0 -> 9.9.9

  Что нового: https://github.com/Perdonus/lavilas-code/releases/latest

› 1. Обновить сейчас (запустит `npm install -g @lavilas/codex`)                  
  2. Пропустить
  3. Пропустить до следующей версии

  Нажмите enter чтобы продолжить
