---
source: tui/src/model_migration.rs
expression: terminal.backend()
---

> У Lavilas Codex обновление: теперь доступна gpt-5.1-codex-mini.

  Рекомендуем перейти с gpt-5-codex-mini на gpt-5.1-codex-mini.

  Оптимизирована под Codex: дешевле и быстрее, но слабее по возможностям.
  Подробнее о gpt-5.1-codex-mini:
  https://www.codex.com/models/gpt-5.1-codex-mini

  Нажмите Enter, чтобы продолжить
