---
source: tui/src/model_migration.rs
expression: terminal.backend()
---

> У Lavilas Codex обновление: теперь доступна gpt-5.1-codex-max.

  Переходите на gpt-5.2-codex: это актуальная флагманская агентная модель для
  кодинга.

  Если хотите, можно остаться на gpt-5.1-codex-mini.

  Выберите, как Lavilas Codex должен поступить дальше.

› 1. Попробовать новую модель
  2. Оставить текущую модель

  Стрелки ↑ и ↓ меняют выбор, Enter подтверждает
