---
source: tui/src/resume_picker.rs
expression: snapshot
---
Продолжить предыдущую сессию  Сортировка: Дата создания
Введите запрос
  Создано  Обновлено  Ветка  Каталог  Диалог
Сессий пока нет



enter чтобы продолжить     esc чтобы начать новую     ctrl + c чтобы выйти     tab чтобы переключить сортировку
