---
source: tui/src/model_migration.rs
expression: terminal.backend()
---

> У Lavilas Codex обновление: теперь доступна gpt-5.1-codex-max.

  Рекомендуем перейти с gpt-5-codex на gpt-5.1-codex-max.

  Флагманская модель Codex для глубоких и быстрых рассуждений. Подробнее о
  gpt-5.1-codex-max: https://www.codex.com/models/gpt-5.1-codex-max

  Нажмите Enter, чтобы продолжить
