---
source: tui/src/resume_picker.rs
expression: snapshot
---
  Создано      Обновлено      Ветка  Каталог  Диалог
  16 минут назад  42 секунд назад  -       -    Fix resume picker timestamps
> 1 час назад      35 минут назад  -       -    Investigate lazy pagination cap
  2 часа назад     2 часа назад     -       -    Explain the codebase
