---
source: tui/src/status_indicator_widget.rs
expression: terminal.backend()
---
"• Выполняю (0s • esc чтобы прервать)                                               "
"                                                                                "
" ↳ first                                                                        "
" ↳ second                                                                       "
"   alt + ↑ edit                                                                 "
"                                                                                "
"                                                                                "
"                                                                                "
