---
source: tui/src/model_migration.rs
expression: terminal.backend()
---

> У Lavilas Codex обновление: теперь доступна gpt-5.1.

  Рекомендуем перейти с gpt-5 на gpt-5.1.

  Широкая эрудиция и сильные общие рассуждения. Подробнее о gpt-5.1:
  https://www.codex.com/models/gpt-5.1

  Нажмите Enter, чтобы продолжить
