---
source: tui/src/bottom_pane/skills_toggle_view.rs
expression: "render_lines(&view, 72)"
---
                                                                        
  Настройки навыков                                                  
  Включайте и отключайте навыки, изменения применяются сразу.          
                                                                        
  Введите для поиска навыков                                        
  >                                                                     
› [x] Repo Scout        Summarize the repo layout                     
  [ ] Changelog Writer  Draft release notes                           
                                                                        
  Нажмите пробел или Enter для переключения, Esc для закрытия
