---
source: tui/src/bottom_pane/footer.rs
expression: terminal.backend()
---
"  / для команд                             ! для shell-команд               "
"  shift + enter новая строка                  tab в очередь               "
"  @ пути к файлам                           ctrl + v вставить изображение           "
"  ctrl + g открыть во внешнем редакторе        esc еще раз для правки предыдущего сообщения "
"  ctrl + c выход                                                              "
"  ctrl + t показать стенограмму                                                   "
