---
source: tui/src/bottom_pane/title_setup.rs
expression: "render_lines(&view, 84)"
---
                                                                                     
  Настройка заголовка терминала                                                       
  Выберите элементы для отображения в заголовке терминала.                         
                                                                                     
  Введите для поиска                                                                 
  >                                                                                 
› [x] project        Название проекта (или текущей директории)                       
  [x] spinner        Анимированный индикатор задачи (скрывается в простое или без анимации)
  [x] status         Краткий статус сессии (Готов, В работе, Размышляет)              
  [x] thread         Текущий заголовок треда (скрывается, пока недоступен)             
  [ ] app-name       Название приложения                                            
  [ ] git-branch     Текущая ветка Git (скрывается, если недоступна)                
  [ ] model          Текущее имя модели                                               
  [ ] task-progress  Последний прогресс задач из update_plan (скрывается, пока недоступен)
                                                                                     
  мой-проект ⠋ В работе | Investigate flaky test                                   
  ↑↓ — навигация, ←→ — перемещение, пробел — переключение, Enter — сохранить, Esc — отмена
