---
source: tui/src/bottom_pane/footer.rs
expression: terminal.backend()
---
"  / для команд                             ! для shell-команд               "
"  ctrl + j новая строка                       tab в очередь               "
"  @ пути к файлам                           ctrl + v вставить изображение           "
"  ctrl + g открыть во внешнем редакторе        esc дважды для правки предыдущего сообщения   "
"  ctrl + c выход                           shift + tab сменить режим         "
"                                             ctrl + t показать стенограмму        "
