---
source: tui/src/bottom_pane/approval_overlay.rs
expression: "format!(\"{buf:?}\")"
---
Buffer {
    area: Rect { x: 0, y: 0, width: 100, height: 12 },
    content: [
        "                                                                                                    ",
        "  Разрешить сетевой доступ к "example.com"?                                           ",
        "                                                                                                    ",
        "  Причина: сетевой запрос заблокирован                                                                   ",
        "                                                                                                    ",
        "                                                                                                    ",
        "› 1. Да, только сейчас (y)                                                                        ",
        "  2. Да, и разрешить этот хост до конца диалога (a)                                             ",
        "  3. Да, и всегда разрешать этот хост (p)                                                     ",
        "  4. Нет, и дать другое указание (esc)                                                ",
        "                                                                                                    ",
        "  Нажмите Enter для подтверждения, или Esc для отмены | Клик по варианту — выбрать                                                           ",
    ],
    styles: [
        x: 0, y: 0, fg: Reset, bg: Reset, underline: Reset, modifier: NONE,
        x: 2, y: 1, fg: Reset, bg: Reset, underline: Reset, modifier: BOLD,
        x: 57, y: 1, fg: Reset, bg: Reset, underline: Reset, modifier: NONE,
        x: 10, y: 3, fg: Reset, bg: Reset, underline: Reset, modifier: ITALIC,
        x: 33, y: 3, fg: Reset, bg: Reset, underline: Reset, modifier: NONE,
        x: 0, y: 6, fg: Cyan, bg: Reset, underline: Reset, modifier: BOLD,
        x: 28, y: 6, fg: Reset, bg: Reset, underline: Reset, modifier: NONE,
        x: 53, y: 7, fg: Reset, bg: Reset, underline: Reset, modifier: DIM,
        x: 54, y: 7, fg: Reset, bg: Reset, underline: Reset, modifier: NONE,
        x: 45, y: 8, fg: Reset, bg: Reset, underline: Reset, modifier: DIM,
        x: 46, y: 8, fg: Reset, bg: Reset, underline: Reset, modifier: NONE,
        x: 48, y: 9, fg: Reset, bg: Reset, underline: Reset, modifier: DIM,
        x: 51, y: 9, fg: Reset, bg: Reset, underline: Reset, modifier: NONE,
        x: 2, y: 11, fg: Reset, bg: Reset, underline: Reset, modifier: DIM,
    ]
}
