---
source: tui/src/chatwidget/tests.rs
expression: popup
---
  Экспериментальные возможности
  Включайте тестовые функции; изменения фиксируются в файле config.toml.

› [ ] Ghost snapshots  Capture undo snapshots each turn.
  [x] Shell tool       Allow the model to run shell commands.

  Нажмите space для переключения, enter чтобы сохранить выбор
