---
source: tui/src/chatwidget/tests.rs
expression: terminal.backend()
---
"                                                                                "
"                                                                                "
"› Спросите Lavilas Codex о чём угодно                                                      "
"                                                                                "
"  gpt-5.4 xhigh быстрый · 100% осталось · /tmp/project                                 "
