---
source: tui/src/chatwidget/tests.rs
expression: popup
---
  Режим размышлений для gpt-5.1-codex-max
  Провайдер: OpenAI. Подберите баланс между скоростью ответа, качеством и
  расходом токенов.

  Найти режим размышлений
  ← К списку моделей             Вернуться к каталогу моделей текущего
                                  провайдера.
  Лёгкий                          Самый быстрый режим: минимум паузы, минимум
                                  размышлений.
  Стандартный (рекомендуется)     Повседневный режим с нормальным балансом
                                  скорости и качества.
  Глубокий                        Больше времени на разбор сложных,
                                  неоднозначных и многошаговых задач.
› Максимальный (текущий)          Максимальный запас на тяжёлые задачи,
                                  длинные цепочки решений и риск ошибки.
                                  Максимальный: такой режим может быстро
                                  расходовать лимиты плана Plus.

  Нажмите enter для подтверждения или esc для возврата
