---
source: tui/src/chatwidget/tests.rs
expression: terminal.backend()
---
"                                                                                "
"                                                                                "
"› Спросите Lavilas Codex о чём угодно                                                      "
"                                                                                "
"  gpt-5.3-codex medium                          Plan mode (shift+tab to cycle)  "
