---
source: tui/src/onboarding/trust_directory.rs
expression: terminal.backend()
---
> Текущая директория: /workspace/project

  Вы доверяете содержимому этой директории? Работа с недоверенным кодом
  повышает риск prompt-инъекций.

› 1. Да, продолжить                                                     
  2. Нет, выйти

  Нажмите enter чтобы продолжить
